// Jest Snapshot v1, https://goo.gl/fbAQLP

exports[`1. default image 1`] = `
<View
  style={
    Object {
      "position": "relative",
    }
  }
>
  <View
    style={
      Object {
        "borderRadius": 0,
        "height": "100%",
        "overflow": "hidden",
        "position": "absolute",
        "width": "100%",
      }
    }
  >
    <Image
      style={
        Object {
          "height": "100%",
          "position": "absolute",
          "resizeMode": "contain",
          "width": "100%",
        }
      }
    />
    <Image
      style={
        Object {
          "height": "100%",
          "position": "absolute",
          "resizeMode": "contain",
          "width": "100%",
        }
      }
    />
  </View>
  <View
    style={
      Object {
        "height": "100%",
        "opacity": 1,
        "width": "100%",
      }
    }
  >
    <View
      style={
        Object {
          "alignItems": "center",
          "backgroundColor": "#EDEDED",
          "justifyContent": "center",
        }
      }
    >
      <Image
        style={
          Object {
            "width": "25%",
          }
        }
      />
    </View>
  </View>
</View>
`;
