// Jest Snapshot v1, https://goo.gl/fbAQLP

exports[`1. date and times publication 1`] = `"Saturday July 01 2017, 5:32am, The Times"`;

exports[`1. date and times publication 2`] = `"Saturday July 01 2017, 3:32pm, The Times"`;

exports[`2. date and sundaytimes publication 1`] = `"Saturday July 01 2017, 5:32am, The Sunday Times"`;

exports[`2. date and sundaytimes publication 2`] = `"Saturday July 01 2017, 3:32pm, The Sunday Times"`;

exports[`3. date and no given publication 1`] = `"Saturday July 01 2017, 5:32am"`;

exports[`3. date and no given publication 2`] = `"Saturday July 01 2017, 3:32pm"`;

exports[`4. date and no day 1`] = `"July 01 2017, 5:32am"`;

exports[`4. date and no day 2`] = `"July 01 2017, 3:32pm"`;
