// Jest Snapshot v1, https://goo.gl/fbAQLP

exports[`key facts with title 1`] = `
<View
  className="IS21"
>
  <Text
    className="IS1"
  >
    EXAMPLE TITLE
  </Text>
  <View>
    <View
      className="IS5"
    >
      <View
        className="IS4"
      >
        <View
          className="IS2"
        />
        <Text
          className="IS3"
        >
          Example bullet text
        </Text>
      </View>
    </View>
    <View
      className="IS10"
    >
      <View
        className="IS9"
      >
        <View
          className="IS6"
        />
        <Text
          className="IS8"
        >
          An example 
          <Text
            accessibilityRole="link"
            className="IS7"
          >
            link
          </Text>
        </Text>
      </View>
    </View>
    <View
      className="IS14"
    >
      <View
        className="IS13"
      >
        <View
          className="IS11"
        />
        <Text
          className="IS12"
        >
          More example text.
        </Text>
      </View>
    </View>
    <View
      className="IS20"
    >
      <View
        className="IS19"
      >
        <View
          className="IS15"
        />
        <Text
          className="IS18"
        >
          Example text 
          <Text
            className="IS16"
          >
            this is bold 
          </Text>
          <Text
            className="IS17"
          >
            this is in italics.
          </Text>
        </Text>
      </View>
    </View>
  </View>
</View>
`;
