// Jest Snapshot v1, https://goo.gl/fbAQLP

exports[`1. article magazine comment - tablet 1`] = `
<ArticleSkeleton>
  <View
    style={
      Object {
        "alignItems": "center",
        "alignSelf": "center",
        "marginBottom": 25,
        "marginLeft": 10,
        "marginRight": 10,
        "paddingTop": 35,
        "width": 660,
      }
    }
  >
    <ModalImage
      style={
        Object {
          "borderRadius": 50,
          "height": 108,
          "marginBottom": 25,
          "overflow": "hidden",
          "width": 108,
        }
      }
    />
    <View
      style={
        Object {
          "marginBottom": 10,
        }
      }
    >
      <ArticleLabel />
    </View>
    <Text
      style={
        Object {
          "color": "#1D1D1B",
          "fontFamily": "TimesModern-Bold",
          "fontSize": 40,
          "lineHeight": 40,
          "marginBottom": 5,
          "textAlign": "center",
        }
      }
    >
      Caribbean islands devastated by Hurricane Irma, the worst Atlantic storm on record
    </Text>
    <View
      style={
        Object {
          "marginBottom": 15,
          "marginTop": 10,
        }
      }
    >
      <ArticleFlags />
    </View>
    <Text
      style={
        Object {
          "color": "#333333",
          "fontFamily": "TimesModern-Regular",
          "fontSize": 20,
          "lineHeight": 25,
          "marginBottom": 15,
          "paddingHorizontal": 10,
          "textAlign": "center",
        }
      }
    >
      How did one of Britainâ€™s top young athletes end up running elite parties for swingers? Chris Reynolds Gordon tells Rick Broadbent about his extraordinary life
    </Text>
    <View
      style={
        Object {
          "alignItems": "center",
          "flexDirection": "row",
          "justifyContent": "center",
        }
      }
    >
      <View
        style={
          Object {
            "flexDirection": "row",
            "flexWrap": "wrap",
            "paddingTop": 5,
          }
        }
      >
        <ArticleBylineWithLinks />
      </View>
      <View
        style={
          Object {
            "borderRightColor": "#DBDBDB",
            "borderRightWidth": 1,
            "height": 15,
            "marginHorizontal": 10,
          }
        }
      />
      <View
        style={
          Object {
            "flexDirection": "row",
            "flexWrap": "wrap",
            "paddingTop": 5,
          }
        }
      >
        <Text
          style={
            Object {
              "color": "#696969",
              "fontFamily": "GillSansMTStd-Medium",
              "fontSize": 13,
              "lineHeight": 15,
              "marginTop": "auto",
            }
          }
        >
          Friday March 13 2015, 6:54pm, The Times
        </Text>
      </View>
    </View>
  </View>
  <View
    style={
      Object {
        "alignSelf": "center",
        "marginBottom": 20,
        "width": 640,
      }
    }
  >
    <ModalImage />
    <CenteredCaption />
  </View>
</ArticleSkeleton>
`;
