// Jest Snapshot v1, https://goo.gl/fbAQLP

exports[`latest from section formatters formats 1`] = `
Array [
  Object {
    "bylines": Array [],
    "headline": "The entire Tour bows to the greatness of Cavendish",
    "id": "c286c868-d90a-11eb-8f14-0bb645f59db0",
    "label": null,
    "leadAsset": Object {
      "crop169": Object {
        "url": "https://www.thetimes.co.uk/imageserver/image/methode%2Ftimes%2Fprod%2Fweb%2Fbin%2Fb7fca746-d8ec-11eb-8f14-0bb645f59db0.jpg",
      },
      "crop32": Object {
        "url": "https://www.thetimes.co.uk/imageserver/image/methode%2Ftimes%2Fprod%2Fweb%2Fbin%2Fb7fca746-d8ec-11eb-8f14-0bb645f59db0.jpg",
      },
    },
    "section": "Sport",
    "shortIdentifier": "2zq0zgfmn",
    "slug": "the-entire-tour-de-france-bows-to-the-greatness-of-mark-cavendish",
    "url": "/article/the-entire-tour-de-france-bows-to-the-greatness-of-mark-cavendish-2zq0zgfmn",
  },
  Object {
    "bylines": Array [],
    "headline": "Flawless Pickford repels everything Germans muster",
    "id": "01ee453e-d90c-11eb-8f14-0bb645f59db0",
    "label": null,
    "leadAsset": Object {
      "crop169": Object {
        "url": "https://www.thetimes.co.uk/imageserver/image/methode%2Ftimes%2Fprod%2Fweb%2Fbin%2F65e48858-d913-11eb-b92f-5fe539a30c29.jpg",
      },
      "crop32": Object {
        "url": "https://www.thetimes.co.uk/imageserver/image/methode%2Ftimes%2Fprod%2Fweb%2Fbin%2F65e48858-d913-11eb-b92f-5fe539a30c29.jpg",
      },
    },
    "section": "Sport",
    "shortIdentifier": "ktkcvc85p",
    "slug": "jordan-pickford-repels-everything-germans-muster",
    "url": "/article/jordan-pickford-repels-everything-germans-muster-ktkcvc85p",
  },
  Object {
    "bylines": Array [],
    "headline": "The tactical masterstrokes behind Englandâ€™s ruthless win",
    "id": "a8bfaa82-d917-11eb-b92f-5fe539a30c29",
    "label": null,
    "leadAsset": Object {
      "crop169": Object {
        "url": "https://www.thetimes.co.uk/imageserver/image/methode%2Ftimes%2Fprod%2Fweb%2Fbin%2F798e1dce-d918-11eb-b92f-5fe539a30c29.jpg",
      },
      "crop32": Object {
        "url": "https://www.thetimes.co.uk/imageserver/image/methode%2Ftimes%2Fprod%2Fweb%2Fbin%2F65f0ffc0-d918-11eb-b92f-5fe539a30c29.jpg",
      },
    },
    "section": "Sport",
    "shortIdentifier": "s2s5j6k8l",
    "slug": "the-tactical-masterstrokes-behind-englands-ruthless-win",
    "url": "/article/the-tactical-masterstrokes-behind-englands-ruthless-win-s2s5j6k8l",
  },
]
`;
