// Jest Snapshot v1, https://goo.gl/fbAQLP

exports[`<RelatedArticle2 /> should render an RELATED_ARTICLE_2 slice correctly 1`] = `
<DocumentFragment>
  <div
    class="sc-bdVaJa sc-htpNat TayYz"
  >
    <div
      class="sc-bwzfXH sc-bxivhb ccFQOx"
    >
      <div>
        ArticleStandard
      </div>
    </div>
    <div
      class="sc-bwzfXH sc-bxivhb ccFQOx"
    >
      <div>
        ArticleStandard
      </div>
    </div>
  </div>
</DocumentFragment>
`;
