// Jest Snapshot v1, https://goo.gl/fbAQLP

exports[`1. renders correctly 1`] = `
<View>
  <View>
    <Text>
      test message
    </Text>
    <View>
      <View>
        <ARTSurfaceView>
          <ARTGroup
            opacity={1}
            transform={
              Array [
                1,
                0,
                0,
                1,
                0,
                0,
              ]
            }
          >
            <ARTShape
              d={
                Array [
                  0,
                  15.617,
                  14,
                  2,
                  20.3,
                  19.838,
                  2,
                  NaN,
                  NaN,
                  2,
                  NaN,
                  NaN,
                  2,
                  NaN,
                  NaN,
                  2,
                  NaN,
                  NaN,
                  2,
                  12.383,
                  14,
                  2,
                  7.7,
                  8.162,
                  2,
                  8.162,
                  7.700000000000001,
                  2,
                  14,
                  12.383,
                  2,
                  19.838,
                  7.7,
                  2,
                  NaN,
                  NaN,
                ]
              }
              fill={
                Array [
                  0,
                  1,
                  1,
                  1,
                  1,
                ]
              }
              opacity={1}
              stroke={
                Array [
                  1,
                  1,
                  1,
                  1,
                ]
              }
              strokeCap={1}
              strokeDash={null}
              strokeJoin={1}
              strokeWidth={1}
              transform={
                Array [
                  1,
                  0,
                  0,
                  1,
                  0,
                  0,
                ]
              }
            />
          </ARTGroup>
        </ARTSurfaceView>
      </View>
    </View>
  </View>
</View>
`;

exports[`5. renders correctly 1`] = `
Array [
  <View />,
  <View>
    <View>
      <Text>
        test child content
      </Text>
    </View>
  </View>,
]
`;
