// Jest Snapshot v1, https://goo.gl/fbAQLP

exports[`Navitems Desktop should render snapshot 1`] = `
<DocumentFragment>
  <li
    class="nk-menu-item css-1kdinep"
  >
    <a
      aria-current="false"
      class="css-ilh6is"
      data-testid="buttonLink"
      href="/home"
    >
      <span
        class="css-t9dmcw"
      >
        Home
      </span>
    </a>
  </li>
  <li
    class="nk-menu-item css-1kdinep"
  >
    <a
      aria-current="false"
      class="css-ilh6is"
      data-testid="buttonLink"
      href="/news"
    >
      <span
        class="css-t9dmcw"
      >
        News
      </span>
    </a>
  </li>
  <li
    class="nk-menu-item css-1kdinep"
  >
    <a
      aria-current="false"
      class="css-ilh6is"
      data-testid="buttonLink"
      href="/comment"
    >
      <span
        class="css-t9dmcw"
      >
        Comment
      </span>
    </a>
  </li>
</DocumentFragment>
`;
