// Jest Snapshot v1, https://goo.gl/fbAQLP

exports[`AuthorArticlesNoImagesProvider returns query result 1`] = `
Object {
  "__typename": "Author",
  "articles": Object {
    "__typename": "AuthorArticles",
    "count": 200,
    "list": Array [
      Object {
        "__typename": "Article",
        "hasVideo": false,
        "headline": "Test Headline 1",
        "id": "d98c2 1c-cb16-11e7-b529-95e3fc05f40f",
        "label": "Test Label 1",
        "leadAsset": Object {
          "__typename": "Image",
          Symbol(id): "$Article:d98c2 1c-cb16-11e7-b529-95e3fc05f40f.leadAsset",
        },
        "longSummary": Array [],
        "publicationName": "TIMES",
        "publishedTime": "2018-06-01",
        "shortHeadline": "Test Short Headline 1",
        "shortIdentifier": "968n7tdck1",
        "shortSummary": Array [],
        "slug": "this-is-slug-1",
        "url": "https://url.io",
        Symbol(id): "Article:d98c2 1c-cb16-11e7-b529-95e3fc05f40f",
      },
    ],
    Symbol(id): "$ROOT_QUERY.author({\\"slug\\":\\"deborah-haynes\\"}).articles",
  },
  Symbol(id): "$ROOT_QUERY.author({\\"slug\\":\\"deborah-haynes\\"})",
}
`;
