// Jest Snapshot v1, https://goo.gl/fbAQLP

exports[`1. gradient 1`] = `
<View>
  <ARTSurfaceView>
    <ARTShape
      stroke={null}
      strokeCap={1}
      strokeDash={null}
      strokeJoin={1}
      strokeWidth={1}
    />
  </ARTSurfaceView>
</View>
`;

exports[`2. gradient with a child 1`] = `
<View>
  <ARTSurfaceView>
    <ARTShape
      stroke={null}
      strokeCap={1}
      strokeDash={null}
      strokeJoin={1}
      strokeWidth={1}
    />
  </ARTSurfaceView>
  <Text>
    Some example text
  </Text>
</View>
`;

exports[`3. overlay gradient 1`] = `
<View>
  <ARTSurfaceView>
    <ARTShape
      stroke={null}
      strokeCap={1}
      strokeDash={null}
      strokeJoin={1}
      strokeWidth={1}
    />
  </ARTSurfaceView>
</View>
`;

exports[`4. overlay gradient with a child 1`] = `
<View>
  <ARTSurfaceView>
    <ARTShape
      stroke={null}
      strokeCap={1}
      strokeDash={null}
      strokeJoin={1}
      strokeWidth={1}
    />
  </ARTSurfaceView>
  <Text>
    Some example text
  </Text>
</View>
`;
