// Jest Snapshot v1, https://goo.gl/fbAQLP

exports[`Render Component one should render a snapshot 1`] = `
<DocumentFragment>
  <div
    class="css-19qmu5v"
  >
    <div
      class="css-1vuk75f"
    >
      <div
        class="css-uxw9nr"
      >
        <picture
          class="css-zp0elg"
        >
          <div
            class="css-5pczz7"
          />
          <img
            alt="This is ALT Text"
            class="css-1qgqq71"
            src="/assets/main_01.jpg"
          />
        </picture>
      </div>
      <p
        class="css-9pk24b"
      >
        Credit
      </p>
    </div>
    <div
      class="css-gpke1l"
    >
      <hr
        aria-hidden="true"
        class="css-tk98gp"
        data-testid="divider"
      />
      <a
        class="css-10h0i3c"
        href="https://www.thetimes.co.uk"
      >
        <span
          class="css-17x5lw"
        >
          <span
            class="css-8gj81n"
          >
            Sarcacens an inclusive club? They didnt look out for me
          </span>
        </span>
      </a>
      <p
        class="css-1nrveqv"
      >
        Lyon lock Joel Kpoku tells Will Kelleher that he’s fired up to face old team — and urges more English stars to move to France
      </p>
      <div
        class="css-1atazsr"
        data-testid="tag-and-flag"
      >
        <a
          class="css-10d4t8c"
          href="/"
        >
          <span
            class="css-17x5lw"
          >
            <span
              class="css-zhtub2"
            >
              Review
            </span>
          </span>
        </a>
        <div
          class="css-lew009"
        >
          <hr
            aria-hidden="true"
            class="css-15kf7hd"
            data-testid="divider"
          />
        </div>
        <span
          class="css-1vzvkql"
        >
          4 min read
        </span>
      </div>
    </div>
  </div>
</DocumentFragment>
`;
