// Jest Snapshot v1, https://goo.gl/fbAQLP

exports[`Svgs test on web:  renders correctly 1`] = `
<svg
  height={100}
  version="1.1"
  width={100}
>
  <g
    fill="none"
    fillRule="evenodd"
    stroke="none"
    strokeWidth="1"
  >
    <path
      fill="#000000"
    />
  </g>
</svg>
`;
