// Jest Snapshot v1, https://goo.gl/fbAQLP

exports[`1. three child element 1`] = `
<View
  style={
    Object {
      "paddingBottom": 5,
      "paddingHorizontal": 40,
      "paddingTop": 20,
    }
  }
>
  <Image
    style={
      Object {
        "height": 51,
        "margin": "auto",
        "width": 283,
      }
    }
  />
  <View
    style={
      Object {
        "paddingBottom": 5,
        "paddingTop": 10,
      }
    }
  >
    <Text
      style={
        Object {
          "color": "#850029",
          "fontFamily": "TimesDigitalW04-Regular",
          "fontSize": 16,
          "lineHeight": 15,
          "textAlign": "center",
        }
      }
    >
       Leading Articles 
    </Text>
  </View>
  <Text>
    leader-1
  </Text>
  <View
    style={
      Object {
        "borderBottomWidth": 1,
        "borderColor": "#dcdcdc",
        "borderStyle": "solid",
        "marginHorizontal": 10,
      }
    }
  />
  <Text>
    leader-2
  </Text>
  <View
    style={
      Object {
        "borderBottomWidth": 1,
        "borderColor": "#dcdcdc",
        "borderStyle": "solid",
        "marginHorizontal": 10,
      }
    }
  />
  <Text>
    leader-3
  </Text>
</View>
`;
