// Jest Snapshot v1, https://goo.gl/fbAQLP

exports[`WithTrackingContext forwards props to wrapped component 1`] = `
<Text
  accessible={true}
  allowFontScaling={true}
  ellipsizeMode="tail"
>
  bar
</Text>
`;
