// Jest Snapshot v1, https://goo.gl/fbAQLP

exports[`WithTrackScrollDepth forwards props to wrapped component 1`] = `
<Text
  accessible={true}
  allowFontScaling={true}
  ellipsizeMode="tail"
>
  bar
</Text>
`;

exports[`WithTrackScrollDepth renders when tracking context is missing 1`] = `
<Text
  accessible={true}
  allowFontScaling={true}
  ellipsizeMode="tail"
>
  foo
</Text>
`;

exports[`WithTrackScrollDepth tracks scroll depth 1`] = `Array []`;
