// Jest Snapshot v1, https://goo.gl/fbAQLP

exports[`1. Advert placeholder 1`] = `
<div>
  <div
    style={
      Object {
        "height": "300px",
        "width": "970px",
      }
    }
  >
    <div>
      <svg
        height={300}
        width={970}
      >
        <g
          fill="none"
          fillRule="evenodd"
          id="Page-1"
          opacity="0.07"
          stroke="none"
          strokeWidth="1"
        >
          <path
            fill="#1D1D1B"
            id="Shape"
          />
        </g>
      </svg>
    </div>
    <div>
      ADVERTISEMENT
    </div>
  </div>
</div>
`;
